Microchip MPLAB XC8 Compiler V2.46

Linker command line:

-W-3 \
  --edf=C:\Program Files\Microchip\xc8\v2.46\pic\dat\20240104201356_en.msgs \
  -cn -h+dist/default/production\Washing_machine.X.production.sym \
  --cmf=dist/default/production\Washing_machine.X.production.cmf -z \
  -Q16F877A -oC:\Users\jyoth\AppData\Local\Temp\xcAs30k.\driver_tmp_3.o \
  --defsym=__MPLAB_BUILD=1 --fixupoverflow=error \
  -Mdist/default/production/Washing_machine.X.production.map \
  --md=C:\Users\jyoth\AppData\Local\Temp\xcAs30k.\driver_tmp_0.dat -E1 \
  -ver=XC8 Compiler --acfsm=1493 -ACODE=00h-07FFhx4 -ASTRCODE=00h-01FFFh \
  -ASTRING=00h-0FFhx32 -ACONST=00h-0FFhx32 -AENTRY=00h-0FFhx32 \
  -ACOMMON=070h-07Fh -ABANK0=020h-06Fh -ABANK1=0A0h-0EFh \
  -ABANK2=0110h-016Fh -ABANK3=0190h-01EFh \
  -ARAM=020h-06Fh,0A0h-0EFh,0110h-016Fh,0190h-01EFh \
  -AABS1=020h-07Fh,0A0h-0EFh,0110h-016Fh,0190h-01EFh -ASFR0=00h-01Fh \
  -ASFR1=080h-09Fh -ASFR2=0100h-010Fh -ASFR3=0180h-018Fh \
  -ACONFIG=02007h-02007h -DCONFIG=2 -AIDLOC=02000h-02003h -DIDLOC=2 \
  -AEEDATA=00h-0FFh/02100h -peeprom_data=EEDATA -DEEDATA=2 -DCODE=2 \
  -DSTRCODE=2 -DSTRING=2 -DCONST=2 -DENTRY=2 \
  -preset_vec=00h,intentry=04h,sivt,init,end_init -ppowerup=CODE \
  -pcinit=CODE -pfunctab=ENTRY -k \
  C:\Users\jyoth\AppData\Local\Temp\xcAs30k.\driver_tmp_12.o \
  dist/default/production\Washing_machine.X.production.o 

Object code version is 3.11

Machine type is 16F877A



                Name                               Link     Load   Length Selector   Space Scale
C:\Users\jyoth\AppData\Local\Temp\xcAs30k.\driver_tmp_12.o
                end_init                              C        C        3        8       0
                reset_vec                             0        0        3        0       0
                config                             2007     2007        1        0       4
dist/default/production\Washing_machine.X.production.o
                cinit                                 F        F       35        8       0
                intentry                              4        4        8        8       0
                config                             2007     2007        1        0       4
                text27                              80F      80F       35     101E       0
                text26                             1561     1561       20     2AC2       0
                text25                             1644     1644       53     2C88       0
                text24                              804      804        B     1008       0
                text23                             1511     1511        6     2A22       0
                text22                             1517     1517        9     2A2E       0
                text21                             1548     1548       19     2A90       0
                text20                             1615     1615       2F     2C2A       0
                text19                             1533     1533       15     2A66       0
                text18                              7EF      7EF        D        8       0
                text17                             1746     1746       5B     2E8C       0
                text16                             17A1     17A1       5F     2F42       0
                text15                              844      844       69     1088       0
                text14                             16ED     16ED       59     2DDA       0
                text13                              925      925       A4     124A       0
                text12                             15EC     15EC       29     2BD8       0
                text11                              3F0      3F0      345        8       0
                text10                              DA0      DA0      260     1B40       0
                text9                              15A3     15A3       24     2B46       0
                text8                               8AD      8AD       78     115A       0
                text7                              15C7     15C7       25     2B8E       0
                text6                               735      735       BA        8       0
                text5                              1697     1697       56     2D2E       0
                text4                                44       44      3AC        8       0
                text3                               9C9      9C9       D0     1392       0
                text2                               A99      A99       F4     1532       0
                text1                               B8D      B8D       F4     171A       0
                maintext                            C81      C81      11F     1902       0
                cstackBANK0                          20       20       3F       20       1
                cstackCOMMON                         70       70        9       70       1
                cstackBANK1                          C2       C2        5       A0       1
                inittext                           1520     1520       13     2A40       0
                dataBANK1                            A0       A0       22       A0       1
                bssBANK1                             C7       C7        2       A0       1
                dataBANK0                            6C       6C        3       20       1
                bssBANK0                             5F       5F        D       20       1
                bssCOMMON                            79       79        3       70       1
                stringtext                         1000     1000      177       20       0
                strings                            1177     1177       12     22EE       0
                idataBANK1                         1581     1581       22     2B02       0
                idataBANK0                          7FC      7FC        3        8       0

TOTAL           Name                               Link     Load   Length     Space
        CLASS   CODE           
                end_init                              C        C        3         0
                cinit                                 F        F       35         0
                intentry                              4        4        8         0
                reset_vec                             0        0        3         0
                text27                              80F      80F       35         0
                text26                             1561     1561       20         0
                text25                             1644     1644       53         0
                text24                              804      804        B         0
                text23                             1511     1511        6         0
                text22                             1517     1517        9         0
                text21                             1548     1548       19         0
                text20                             1615     1615       2F         0
                text19                             1533     1533       15         0
                text18                              7EF      7EF        D         0
                text17                             1746     1746       5B         0
                text16                             17A1     17A1       5F         0
                text15                              844      844       69         0
                text14                             16ED     16ED       59         0
                text13                              925      925       A4         0
                text12                             15EC     15EC       29         0
                text11                              3F0      3F0      345         0
                text10                              DA0      DA0      260         0
                text9                              15A3     15A3       24         0
                text8                               8AD      8AD       78         0
                text7                              15C7     15C7       25         0
                text6                               735      735       BA         0
                text5                              1697     1697       56         0
                text4                                44       44      3AC         0
                text3                               9C9      9C9       D0         0
                text2                               A99      A99       F4         0
                text1                               B8D      B8D       F4         0
                maintext                            C81      C81      11F         0
                inittext                           1520     1520       13         0
                idataBANK1                         1581     1581       22         0
                idataBANK0                          7FC      7FC        3         0

        CLASS   STRCODE        
                stringtext                         1000     1000      177         0

        CLASS   STRING         
                strings                            1177     1177       12         0

        CLASS   CONST          

        CLASS   ENTRY          

        CLASS   COMMON         
                cstackCOMMON                         70       70        9         1
                bssCOMMON                            79       79        3         1

        CLASS   BANK0          
                cstackBANK0                          20       20       3F         1
                dataBANK0                            6C       6C        3         1
                bssBANK0                             5F       5F        D         1

        CLASS   BANK1          
                cstackBANK1                          C2       C2        5         1
                dataBANK1                            A0       A0       22         1
                bssBANK1                             C7       C7        2         1

        CLASS   BANK2          

        CLASS   BANK3          

        CLASS   RAM            

        CLASS   ABS1           
                abs_s1                               7E       7E        2         1

        CLASS   SFR0           

        CLASS   SFR1           

        CLASS   SFR2           

        CLASS   SFR3           

        CLASS   CONFIG         
                config                             2007     2007        1         4

        CLASS   IDLOC          

        CLASS   EEDATA         

        CLASS   HEAP           

        CLASS   STACK          



SEGMENTS        Name                           Load    Length   Top    Selector   Space  Class     Delta

                reset_vec                      000000  000003  000003         0       0  CODE        2
                intentry                       000004  0007FB  0007FF         8       0  CODE        2
                cstackBANK0                    000020  00004F  00006F        20       1  BANK0       1
                cstackCOMMON                   000070  00000C  00007C        70       1  COMMON      1
                dataBANK1                      0000A0  000029  0000C9        A0       1  BANK1       1
                text24                         000804  00000B  00080F      1008       0  CODE        2
                text27                         00080F  000035  000844      101E       0  CODE        2
                text15                         000844  000069  0008AD      1088       0  CODE        2
                text8                          0008AD  000078  000925      115A       0  CODE        2
                text13                         000925  0000A4  0009C9      124A       0  CODE        2
                text3                          0009C9  0000D0  000A99      1392       0  CODE        2
                text2                          000A99  0000F4  000B8D      1532       0  CODE        2
                text1                          000B8D  0000F4  000C81      171A       0  CODE        2
                maintext                       000C81  00011F  000DA0      1902       0  CODE        2
                text10                         000DA0  000260  001000      1B40       0  CODE        2
                stringtext                     001000  000177  001177        20       0  STRCODE     2
                strings                        001177  000012  001189      22EE       0  STRING      2
                text23                         001511  000006  001517      2A22       0  CODE        2
                text22                         001517  000009  001520      2A2E       0  CODE        2
                inittext                       001520  000013  001533      2A40       0  CODE        2
                text19                         001533  000015  001548      2A66       0  CODE        2
                text21                         001548  000019  001561      2A90       0  CODE        2
                text26                         001561  000020  001581      2AC2       0  CODE        2
                idataBANK1                     001581  000022  0015A3      2B02       0  CODE        2
                text9                          0015A3  000024  0015C7      2B46       0  CODE        2
                text7                          0015C7  000025  0015EC      2B8E       0  CODE        2
                text12                         0015EC  000029  001615      2BD8       0  CODE        2
                text20                         001615  00002F  001644      2C2A       0  CODE        2
                text25                         001644  000053  001697      2C88       0  CODE        2
                text5                          001697  000056  0016ED      2D2E       0  CODE        2
                text14                         0016ED  000059  001746      2DDA       0  CODE        2
                text17                         001746  00005B  0017A1      2E8C       0  CODE        2
                text16                         0017A1  00005F  001800      2F42       0  CODE        2


UNUSED ADDRESS RANGES

        Name                Unused          Largest block    Delta
        BANK0            006F-006F              1           1
        BANK1            00C9-00EF             27           1
        BANK2            0110-016F             60           1
        BANK3            0190-01EF             60           1
        CODE             0003-0003              1           2
                         07FF-0803              1
                         1189-1510            388
                         1800-1FFF            800
        COMMON           007C-007D              2           1
        CONST            0003-0003              1           2
                         07FF-0803              1
                         1189-1510            100
                         1800-1FFF            100
        EEDATA           2100-21FF            100           2
        ENTRY            0003-0003              1           2
                         07FF-0803              1
                         1189-1510            100
                         1800-1FFF            100
        IDLOC            2000-2003              4           2
        RAM              006F-006F              1           1
                         00C9-00EF             27
                         0110-016F             60
                         0190-01EF             60
        SFR0             0000-001F             20           1
        SFR1             0080-009F             20           1
        SFR2             0100-010F             10           1
        SFR3             0180-018F             10           1
        STRCODE          0003-0003              1           2
                         07FF-0803              5
                         1189-1510            388
                         1800-1FFF            800
        STRING           0003-0003              1           2
                         07FF-0803              1
                         1189-1510            100
                         1800-1FFF            100

                                  Symbol Table

?__Umul8_16                      cstackCOMMON 0072
?___awdiv                        cstackCOMMON 0072
?___awmod                        cstackCOMMON 0072
?___fladd                        cstackBANK0  0020
?___flmul                        cstackBANK0  002A
?___flsub                        cstackBANK0  0044
?___fltol                        cstackBANK0  0044
?___wmul                         cstackCOMMON 0072
?___xxtofl                       cstackCOMMON 0072
_GIE                             (abs)        005F
_PEIE                            (abs)        005E
_PORTB                           (abs)        0006
_PORTD                           (abs)        0008
_PR2                             (abs)        0092
_RB0                             (abs)        0030
_RC1                             (abs)        0039
_RC2                             (abs)        003A
_RE1                             (abs)        0049
_RE2                             (abs)        004A
_TMR2IE                          (abs)        0461
_TMR2IF                          (abs)        0061
_TMR2ON                          (abs)        0092
_TRISB                           (abs)        0086
_TRISC1                          (abs)        0439
_TRISC2                          (abs)        043A
_TRISD                           (abs)        0088
_TRISE1                          (abs)        0449
_TRISE2                          (abs)        044A
__H__absolute__                  __absolute__ 0000
__Habs1                          abs1         0000
__Hbank0                         bank0        0000
__Hbank1                         bank1        0000
__Hbank2                         bank2        0000
__Hbank3                         bank3        0000
__HbssBANK0                      bssBANK0     0000
__HbssBANK1                      bssBANK1     0000
__HbssCOMMON                     bssCOMMON    0000
__Hcinit                         cinit        0044
__Hclrtext                       clrtext      0000
__Hcode                          code         0000
__Hcommon                        common       0000
__Hconfig                        config       2008
__HcstackBANK0                   cstackBANK0  0000
__HcstackBANK1                   cstackBANK1  0000
__HcstackCOMMON                  cstackCOMMON 0000
__HdataBANK0                     dataBANK0    0000
__HdataBANK1                     dataBANK1    0000
__Heeprom_data                   eeprom_data  0000
__Hend_init                      end_init     000F
__Hfunctab                       functab      0000
__Hheap                          heap         0000
__HidataBANK0                    idataBANK0   0000
__HidataBANK1                    idataBANK1   0000
__Hinit                          init         000C
__Hinittext                      inittext     0000
__Hintentry                      intentry     000C
__Hmaintext                      maintext     0000
__Hpowerup                       powerup      0000
__Hram                           ram          0000
__Hreset_vec                     reset_vec    0003
__Hsfr0                          sfr0         0000
__Hsfr1                          sfr1         0000
__Hsfr2                          sfr2         0000
__Hsfr3                          sfr3         0000
__Hsivt                          sivt         000C
__Hspace_0                       (abs)        1800
__Hspace_1                       (abs)        00C9
__Hspace_2                       (abs)        0000
__Hspace_3                       (abs)        0000
__Hspace_4                       (abs)        400F
__Hstack                         stack        0000
__Hstrings                       strings      0000
__Hstringtext                    stringtext   0000
__Htext                          text         0000
__L__absolute__                  __absolute__ 0000
__Labs1                          abs1         0000
__Lbank0                         bank0        0000
__Lbank1                         bank1        0000
__Lbank2                         bank2        0000
__Lbank3                         bank3        0000
__LbssBANK0                      bssBANK0     0000
__LbssBANK1                      bssBANK1     0000
__LbssCOMMON                     bssCOMMON    0000
__Lcinit                         cinit        000F
__Lclrtext                       clrtext      0000
__Lcode                          code         0000
__Lcommon                        common       0000
__Lconfig                        config       0000
__LcstackBANK0                   cstackBANK0  0000
__LcstackBANK1                   cstackBANK1  0000
__LcstackCOMMON                  cstackCOMMON 0000
__LdataBANK0                     dataBANK0    0000
__LdataBANK1                     dataBANK1    0000
__Leeprom_data                   eeprom_data  0000
__Lend_init                      end_init     000C
__Lfunctab                       functab      0000
__Lheap                          heap         0000
__LidataBANK0                    idataBANK0   0000
__LidataBANK1                    idataBANK1   0000
__Linit                          init         000C
__Linittext                      inittext     0000
__Lintentry                      intentry     0004
__Lmaintext                      maintext     0000
__Lpowerup                       powerup      0000
__Lram                           ram          0000
__Lreset_vec                     reset_vec    0000
__Lsfr0                          sfr0         0000
__Lsfr1                          sfr1         0000
__Lsfr2                          sfr2         0000
__Lsfr3                          sfr3         0000
__Lsivt                          sivt         000C
__Lspace_0                       (abs)        0000
__Lspace_1                       (abs)        0000
__Lspace_2                       (abs)        0000
__Lspace_3                       (abs)        0000
__Lspace_4                       (abs)        0000
__Lstack                         stack        0000
__Lstrings                       strings      0000
__Lstringtext                    stringtext   0000
__Ltext                          text         0000
__S0                             (abs)        1800
__S1                             (abs)        00C9
__S3                             (abs)        0000
__Umul8_16                       text12       15EC
__Umul8_16@multiplicand          cstackCOMMON 0072
__Umul8_16@multiplier            cstackBANK0  0024
__Umul8_16@product               cstackBANK0  0020
__Umul8_16@word_mpld             cstackBANK0  0022
___awdiv                         text15       0844
___awdiv@counter                 cstackBANK0  0020
___awdiv@dividend                cstackCOMMON 0074
___awdiv@divisor                 cstackCOMMON 0072
___awdiv@quotient                cstackBANK0  0022
___awdiv@sign                    cstackBANK0  0021
___awmod                         text14       16ED
___awmod@counter                 cstackCOMMON 0076
___awmod@dividend                cstackCOMMON 0074
___awmod@divisor                 cstackCOMMON 0072
___awmod@sign                    cstackCOMMON 0077
___fladd                         text10       0DA0
___fladd@a                       cstackBANK0  0024
___fladd@aexp                    cstackCOMMON 0073
___fladd@b                       cstackBANK0  0020
___fladd@bexp                    cstackCOMMON 0074
___fladd@grs                     cstackCOMMON 0075
___fladd@signs                   cstackCOMMON 0072
___flge                          text13       0925
___flge@ff1                      cstackBANK0  004C
___flge@ff2                      cstackBANK0  0050
___flmul                         text11       03F0
___flmul@a                       cstackBANK0  002E
___flmul@aexp                    cstackBANK0  0038
___flmul@b                       cstackBANK0  002A
___flmul@bexp                    cstackBANK0  003D
___flmul@grs                     cstackBANK0  0039
___flmul@prod                    cstackBANK0  003E
___flmul@sign                    cstackBANK0  0037
___flmul@temp                    cstackBANK0  0042
___flsub                         text9        15A3
___flsub@a                       cstackBANK0  0044
___flsub@b                       cstackBANK0  0048
___fltol                         text8        08AD
___fltol@exp1                    cstackCOMMON 0077
___fltol@f1                      cstackBANK0  0044
___fltol@sign1                   cstackCOMMON 0076
___heap_hi                       (abs)        0000
___heap_lo                       (abs)        0000
___int_sp                        stack        0000
___int_stack_hi                  stack        0000
___int_stack_lo                  stack        0000
___latbits                       (abs)        0002
___sp                            stack        0000
___stack_hi                      stack        0000
___stack_lo                      stack        0000
___stackhi                       (abs)        0000
___stacklo                       (abs)        0000
___wmul                          text7        15C7
___wmul@multiplicand             cstackCOMMON 0074
___wmul@multiplier               cstackCOMMON 0072
___wmul@product                  cstackCOMMON 0076
___xxtofl                        text6        0735
___xxtofl@arg                    cstackBANK0  0026
___xxtofl@exp                    cstackBANK0  0025
___xxtofl@sign                   cstackBANK0  0024
___xxtofl@val                    cstackCOMMON 0072
__end_of__Umul8_16               text12       1615
__end_of___awdiv                 text15       08AD
__end_of___awmod                 text14       1746
__end_of___fladd                 text10       1000
__end_of___flge                  text13       09C9
__end_of___flmul                 text11       0735
__end_of___flsub                 text9        15C7
__end_of___fltol                 text8        0925
__end_of___wmul                  text7        15EC
__end_of___xxtofl                text6        07EF
__end_of__initialization         cinit        0040
__end_of__stringtab              strings      1189
__end_of_clcd_print              text20       1644
__end_of_clcd_putch              text19       1548
__end_of_clcd_write              text26       1581
__end_of_clear_screen            text18       07FC
__end_of_door_status_check       text5        16ED
__end_of_init_clcd               text24       080F
__end_of_init_config             text21       1561
__end_of_init_digital_keypad     text23       1517
__end_of_init_display_controller text25       1697
__end_of_init_timer2             text22       1520
__end_of_isr                     text27       0844
__end_of_main                    maintext     0DA0
__end_of_power_on_screen         text17       17A1
__end_of_read_digital_keypad     text16       1800
__end_of_run_program             text4        03F0
__end_of_set_time                text3        0A99
__end_of_washing_program_display text2        0B8D
__end_of_water_level_display     text1        0C81
__initialization                 cinit        000F
__pbssBANK0                      bssBANK0     005F
__pbssBANK1                      bssBANK1     00C7
__pbssCOMMON                     bssCOMMON    0079
__pcstackBANK0                   cstackBANK0  0020
__pcstackBANK1                   cstackBANK1  00C2
__pcstackCOMMON                  cstackCOMMON 0070
__pdataBANK0                     dataBANK0    006C
__pdataBANK1                     dataBANK1    00A0
__pidataBANK0                    idataBANK0   07FC
__pidataBANK1                    idataBANK1   1581
__pintentry                      intentry     0004
__pmaintext                      maintext     0C81
__pstrings                       strings      1177
__pstringtext                    stringtext   1000
__ptext1                         text1        0B8D
__ptext10                        text10       0DA0
__ptext11                        text11       03F0
__ptext12                        text12       15EC
__ptext13                        text13       0925
__ptext14                        text14       16ED
__ptext15                        text15       0844
__ptext16                        text16       17A1
__ptext17                        text17       1746
__ptext18                        text18       07EF
__ptext19                        text19       1533
__ptext2                         text2        0A99
__ptext20                        text20       1615
__ptext21                        text21       1548
__ptext22                        text22       1517
__ptext23                        text23       1511
__ptext24                        text24       0804
__ptext25                        text25       1644
__ptext26                        text26       1561
__ptext27                        text27       080F
__ptext3                         text3        09C9
__ptext4                         text4        0044
__ptext5                         text5        1697
__ptext6                         text6        0735
__ptext7                         text7        15C7
__ptext8                         text8        08AD
__ptext9                         text9        15A3
__stringbase                     strings      1189
__stringtab                      strings      1177
_clcd_print                      text20       1615
_clcd_putch                      text19       1533
_clcd_write                      text26       1561
_clear_screen                    text18       07EF
_door_status_check               text5        1697
_init_clcd                       text24       0804
_init_config                     text21       1548
_init_digital_keypad             text23       1511
_init_display_controller         text25       1644
_init_timer2                     text22       1517
_isr                             text27       080F
_main                            maintext     0C81
_min                             bssBANK0     0069
_operation_mode                  dataBANK0    006D
_power_on_screen                 text17       1746
_program_no                      bssCOMMON    007A
_read_digital_keypad             text16       17A1
_reset_mode                      dataBANK0    006C
_rinse_time                      bssBANK0     0065
_run_program                     text4        0044
_sec                             bssCOMMON    007B
_set_time                        text3        09C9
_spin_time                       bssBANK1     00C7
_wash_time                       bssBANK0     0063
_washing_prog                    dataBANK1    00A0
_washing_program_display         text2        0A99
_water_level_display             text1        0B8D
_water_level_index               bssCOMMON    0079
_water_level_option              dataBANK1    00B8
btemp                            (abs)        007E
clcd_print@addr                  cstackCOMMON 0078
clcd_print@str                   cstackCOMMON 0076
clcd_putch@addr                  cstackCOMMON 0078
clcd_putch@data                  cstackBANK0  0024
clcd_write@byte                  cstackCOMMON 0075
clcd_write@mode                  cstackCOMMON 0072
end_of_initialization            cinit        0040
init_fetch0                      inittext     1520
init_ram0                        inittext     1524
interrupt_function               intentry     0004
intlevel0                        functab      0000
intlevel1                        functab      0000
intlevel2                        functab      0000
intlevel3                        functab      0000
intlevel4                        functab      0000
intlevel5                        functab      0000
isr@count                        bssBANK0     0067
main@key                         cstackBANK1  00C6
main@wait                        cstackBANK1  00C2
main@wait_158                    cstackBANK1  00C4
power_on_screen@i                cstackBANK0  0028
power_on_screen@i_168            cstackBANK0  0029
read_digital_keypad@longpress    bssBANK0     006B
read_digital_keypad@mode         cstackCOMMON 0073
read_digital_keypad@once         dataBANK0    006E
read_digital_keypad@prev_key     bssBANK0     006A
reset_vec                        reset_vec    0000
run_program@key                  cstackBANK0  005E
run_program@time                 bssBANK0     005F
run_program@total_time           bssBANK0     0061
saved_w                          (abs)        007E
start                            init         000C
start_initialization             cinit        000F
washing_program_display@key      cstackBANK0  0027
water_level_display@key          cstackBANK0  0027
wtemp0                           (abs)        007E


MODULE INFORMATION

Module		Function		Class		Link	Load	Size
C:\Program Files\Microchip\xc8\v2.46\pic\sources\c99\common\fltol.c
		___fltol       		CODE           	08AD	0000	120

C:\Program Files\Microchip\xc8\v2.46\pic\sources\c99\common\fltol.c estimated size: 120

C:\Program Files\Microchip\xc8\v2.46\pic\sources\c99\common\Umul8_16.c
		__Umul8_16     		CODE           	15EC	0000	41

C:\Program Files\Microchip\xc8\v2.46\pic\sources\c99\common\Umul8_16.c estimated size: 41

timers.c
		_init_timer2   		CODE           	1517	0000	9

timers.c estimated size: 9

digital_keypad.c
		_init_digital_keypad		CODE           	1511	0000	6
		_read_digital_keypad		CODE           	17A1	0000	95

digital_keypad.c estimated size: 101

C:\Program Files\Microchip\xc8\v2.46\pic\sources\c99\common\awdiv.c
		___awdiv       		CODE           	0844	0000	105

C:\Program Files\Microchip\xc8\v2.46\pic\sources\c99\common\awdiv.c estimated size: 105

C:\Program Files\Microchip\xc8\v2.46\pic\sources\c99\common\xxtofl.c
		___xxtofl      		CODE           	0735	0000	186

C:\Program Files\Microchip\xc8\v2.46\pic\sources\c99\common\xxtofl.c estimated size: 186

C:\Program Files\Microchip\xc8\v2.46\pic\sources\c99\common\sprcmul.c
		___flmul       		CODE           	03F0	0000	837

C:\Program Files\Microchip\xc8\v2.46\pic\sources\c99\common\sprcmul.c estimated size: 837

isr.c
		_isr           		CODE           	080F	0000	53

isr.c estimated size: 53

shared
		__stringtab    		STRING         	1177	0000	18
		__initialization		CODE           	000F	0000	49

shared estimated size: 67

C:\Program Files\Microchip\xc8\v2.46\pic\sources\c99\common\Umul16.c
		___wmul        		CODE           	15C7	0000	37

C:\Program Files\Microchip\xc8\v2.46\pic\sources\c99\common\Umul16.c estimated size: 37

clcd.c
		_clcd_write    		CODE           	1561	0000	32
		_clear_screen  		CODE           	07EF	0000	13
		_clcd_print    		CODE           	1615	0000	47
		_clcd_putch    		CODE           	1533	0000	21
		_init_display_controller		CODE           	1644	0000	83
		_init_clcd     		CODE           	0804	0000	11

clcd.c estimated size: 207

C:\Program Files\Microchip\xc8\v2.46\pic\sources\c99\common\sprcadd.c
		___flsub       		CODE           	15A3	0000	36
		___fladd       		CODE           	0DA0	0000	608

C:\Program Files\Microchip\xc8\v2.46\pic\sources\c99\common\sprcadd.c estimated size: 644

C:\Program Files\Microchip\xc8\v2.46\pic\sources\c99\common\awmod.c
		___awmod       		CODE           	16ED	0000	89

C:\Program Files\Microchip\xc8\v2.46\pic\sources\c99\common\awmod.c estimated size: 89

main.c
		_door_status_check		CODE           	1697	0000	86
		_washing_program_display		CODE           	0A99	0000	244
		_main          		CODE           	0C81	0000	287
		_water_level_display		CODE           	0B8D	0000	244
		_run_program   		CODE           	0044	0000	940
		_power_on_screen		CODE           	1746	0000	91
		_set_time      		CODE           	09C9	0000	208
		_init_config   		CODE           	1548	0000	25

main.c estimated size: 2125

C:\Program Files\Microchip\xc8\v2.46\pic\sources\c99\common\flge.c
		___flge        		CODE           	0925	0000	164

C:\Program Files\Microchip\xc8\v2.46\pic\sources\c99\common\flge.c estimated size: 164

